before{capture $capture776139}in-alpha before{capture $capture195845}in-beta{/capture}{include componentsDir/beta.latte, children=>$capture195845}in-alpha after{/capture}{include componentsDir/alpha.latte, children=>$capture776139}after